将glass.txt数据下载到Hadoop集群客户端，并上传到云平台
$ hadoop fs -mkdir /user
$ hadoop fs -mkdir /user/root
$ hadoop fs -put glass.txt /user/root/glass.txt

运行Mahout的describe命令，执行生成描述性文件任务
$ mahout describe -p /user/root/glass.txt -f glass.info -d I 9 N L
参数说明：
    I 忽略不参与计算
    N 数值型
    C 字符串型
    L 类标签

运行Mahout的buildforest命令，建立随机森林模型
————————————————————随机森林————————————————————————
一、随机森林算法是如何工作的？在随机森林中，每一个决策树“种植”和“生长”的规则如下所示：
    1.假设我们设定训练集中的样本个数为N，然后通过有重置的重复多次抽样来获得这N个样本，这样的抽样结果将作为我们生成决策树的训练集；
    2.如果有M个输入变量，每个节点都将随机选择m(m<M)个特定的变量，然后运用这m个变量来确定最佳的分裂点。在决策树的生成过程中，m的值将保持不变；
    3.每棵决策树都最大可能地进行生长而不进行剪枝；
    4.通过对所有的决策树进行加总来预测新的数据（在分类时采用多数投票，在回归时采用平均）。
二、随机森林的优点与缺点优点：
    优点：
    1.随机森林算法能解决分类与回归两种类型的问题，并在这两个方面都有相当好的估计表现；
    2.随机森林对于高维数据集的处理能力令人兴奋，它可以处理成千上万的输入变量，并确定最重要的变量，因此被认为是一个不错的降维方法。此外，该模型能够输出变量的重要性程度，这是一个非常便利的功能；
    3.在对缺失数据进行估计时，随机森林是一个十分有效的方法。就算存在大量的数据缺失，随机森林也能较好地保持精确性；
    4.当存在分类不平衡的情况时，随机森林能够提供平衡数据集误差的有效方法；
    5.模型的上述性能可以被扩展运用到未标记的数据集中，用于引导无监督聚类、数据透视和异常检测；
    6.随机森林算法中包含了对输入数据的重复自抽样过程，即所谓的bootstrap抽样。这样一来，数据集中大约三分之一将没有用于模型的训练而是用于测试，这样的数据被称为out of bag samples，通过这些样本估计的误差被称为out of bag error。研究表明，这种out of bag方法的与测试集规模同训练集一致的估计方法有着相同的精确程度，因此在随机森林中我们无需再对测试集进行另外的设置。
    缺点：
    1.随机森林在解决回归问题时并没有像它在分类中表现的那么好，这是因为它并不能给出一个连续型的输出。当进行回归时，随机森林不能够作出超越训练集数据范围的预测，这可能导致在对某些还有特定噪声的数据进行建模时出现过度拟合；
    2.对于许多统计建模者来说，随机森林给人的感觉像是一个黑盒子——你几乎无法控制模型内部的运行，只能在不同的参数和随机种子之间进行尝试。
三、mahout buildforest的输入参数设置
    -d： 数据路径
    -ds：数据集
    -sl：选取每个子节点应该具备的训练变量个数，对于regresstion问题默认为全部变量的三分之一
    -nc：可选的，树不互补
    -ms：可选的，如果分支数据大小小于此值（默认为2），则树不分离。
    -mp：可选的，如果分支数据的方差的比例小于这个值，则树不分离。（In the case of a regression problem, this value is used. The defaultis 1/1000(0.001).）
    -sd：可选的，种子值，用来初始化随机数发生器。
    -p： 使用部分数据实现
    -t： 设置共多少棵树
    -o： 输出路径，包含决策森林模型
=====================================================

$ mahout buildforest -d /user/root/glass.txt -ds glass.info -sl 3 -ms 3 -p -t 5 -o output-forest
————————————————————注意⚠️—————————————————————————
我使用的Hadoop版本为3.1.2，Mahout版本为0.13.0
运行mahout buildforest会提示报错，显示找不到buildforest
（WARN driver.MahoutDriver: Unable to add class: buildforest
java.lang.ClassNotFoundException: buildforest）
（WARN driver.MahoutDriver: No buildforest.props found on classpath, will use command-line arguments only
Unknown program 'buildforest' chosen.）
网上提示说是Mahout版本的问题，但换成0.9.0时依然报错，这是因为与其匹配的hadoop只能为1.x，2.x以上的会报错
所以将Mahout版本换成0.10.0
===================================================

运行Mahout的testforest命令，对建立的随机森林模型进行评价
$ mahout testforest -i /user/root/glass.txt -ds glass.info -m output-forest -mr -a -o test-forest
